// Vitest Snapshot v1, https://vitest.dev/guide/snapshot.html

exports[`Render About Data > Should match snapshot 1`] = `
{
  "asFragment": [Function],
  "baseElement": <body>
    <div>
      <div
        class="w-100"
      >
        <h1
          class="mb-0"
        >
          test
          <span
            class="text_primary"
          >
            test
          </span>
        </h1>
        <div
          class="mb-5 text_uppercase font_500 fs_1rem font_heading"
        >
          123 Test Drive
        </div>
        <p
          class="mb-5 fs_1.15rem font_400"
        >
          test test test
        </p>
        <div
          class="_socialIcons_75ebdb"
        >
          <a
            aria-label="test-icon URL"
            href="test social URL"
            rel="noreferrer"
            target="_blank"
          >
            <i
              class="devicon-test-icon"
            />
          </a>
        </div>
      </div>
    </div>
  </body>,
  "container": <div>
    <div
      class="w-100"
    >
      <h1
        class="mb-0"
      >
        test
        <span
          class="text_primary"
        >
          test
        </span>
      </h1>
      <div
        class="mb-5 text_uppercase font_500 fs_1rem font_heading"
      >
        123 Test Drive
      </div>
      <p
        class="mb-5 fs_1.15rem font_400"
      >
        test test test
      </p>
      <div
        class="_socialIcons_75ebdb"
      >
        <a
          aria-label="test-icon URL"
          href="test social URL"
          rel="noreferrer"
          target="_blank"
        >
          <i
            class="devicon-test-icon"
          />
        </a>
      </div>
    </div>
  </div>,
  "debug": [Function],
  "findAllByAltText": [Function],
  "findAllByDisplayValue": [Function],
  "findAllByLabelText": [Function],
  "findAllByPlaceholderText": [Function],
  "findAllByRole": [Function],
  "findAllByTestId": [Function],
  "findAllByText": [Function],
  "findAllByTitle": [Function],
  "findByAltText": [Function],
  "findByDisplayValue": [Function],
  "findByLabelText": [Function],
  "findByPlaceholderText": [Function],
  "findByRole": [Function],
  "findByTestId": [Function],
  "findByText": [Function],
  "findByTitle": [Function],
  "getAllByAltText": [Function],
  "getAllByDisplayValue": [Function],
  "getAllByLabelText": [Function],
  "getAllByPlaceholderText": [Function],
  "getAllByRole": [Function],
  "getAllByTestId": [Function],
  "getAllByText": [Function],
  "getAllByTitle": [Function],
  "getByAltText": [Function],
  "getByDisplayValue": [Function],
  "getByLabelText": [Function],
  "getByPlaceholderText": [Function],
  "getByRole": [Function],
  "getByTestId": [Function],
  "getByText": [Function],
  "getByTitle": [Function],
  "queryAllByAltText": [Function],
  "queryAllByDisplayValue": [Function],
  "queryAllByLabelText": [Function],
  "queryAllByPlaceholderText": [Function],
  "queryAllByRole": [Function],
  "queryAllByTestId": [Function],
  "queryAllByText": [Function],
  "queryAllByTitle": [Function],
  "queryByAltText": [Function],
  "queryByDisplayValue": [Function],
  "queryByLabelText": [Function],
  "queryByPlaceholderText": [Function],
  "queryByRole": [Function],
  "queryByTestId": [Function],
  "queryByText": [Function],
  "queryByTitle": [Function],
  "rerender": [Function],
  "unmount": [Function],
}
`;
