// Vitest Snapshot v1, https://vitest.dev/guide/snapshot.html

exports[`Experience Component > Should render without crashing and match snapshot 1`] = `
{
  "asFragment": [Function],
  "baseElement": <body>
    <div>
      <div
        class="w-100"
      >
        <h2
          class="mb-5"
        >
          Experience
        </h2>
        <div
          class="d-flex flex-column flex-md-row justify-content-between mb-5"
        >
          <div>
            <h3
              class="mb-0"
            >
              Test Title
            </h3>
            <div
              class="mb-3 text-transform_uppercase fw_500 fs_1.5rem font_heading"
            >
              Test Company
            </div>
            <ul>
              <li>
                Test Job duty
              </li>
            </ul>
            <h4>
              Technologies involved:
            </h4>
            <ul>
              <li>
                JavaScript
              </li>
            </ul>
            <ul
              class="list-inline fs_3rem"
            >
              <li
                class="list-inline-item"
              >
                <i
                  class="devicon-javascript-plain"
                />
              </li>
            </ul>
          </div>
          <div
            class="md:min-w_8rem text-md-right"
          >
            <span
              class="text_primary"
            >
              Oct 2019 - Present
            </span>
          </div>
        </div>
      </div>
    </div>
  </body>,
  "container": <div>
    <div
      class="w-100"
    >
      <h2
        class="mb-5"
      >
        Experience
      </h2>
      <div
        class="d-flex flex-column flex-md-row justify-content-between mb-5"
      >
        <div>
          <h3
            class="mb-0"
          >
            Test Title
          </h3>
          <div
            class="mb-3 text-transform_uppercase fw_500 fs_1.5rem font_heading"
          >
            Test Company
          </div>
          <ul>
            <li>
              Test Job duty
            </li>
          </ul>
          <h4>
            Technologies involved:
          </h4>
          <ul>
            <li>
              JavaScript
            </li>
          </ul>
          <ul
            class="list-inline fs_3rem"
          >
            <li
              class="list-inline-item"
            >
              <i
                class="devicon-javascript-plain"
              />
            </li>
          </ul>
        </div>
        <div
          class="md:min-w_8rem text-md-right"
        >
          <span
            class="text_primary"
          >
            Oct 2019 - Present
          </span>
        </div>
      </div>
    </div>
  </div>,
  "debug": [Function],
  "findAllByAltText": [Function],
  "findAllByDisplayValue": [Function],
  "findAllByLabelText": [Function],
  "findAllByPlaceholderText": [Function],
  "findAllByRole": [Function],
  "findAllByTestId": [Function],
  "findAllByText": [Function],
  "findAllByTitle": [Function],
  "findByAltText": [Function],
  "findByDisplayValue": [Function],
  "findByLabelText": [Function],
  "findByPlaceholderText": [Function],
  "findByRole": [Function],
  "findByTestId": [Function],
  "findByText": [Function],
  "findByTitle": [Function],
  "getAllByAltText": [Function],
  "getAllByDisplayValue": [Function],
  "getAllByLabelText": [Function],
  "getAllByPlaceholderText": [Function],
  "getAllByRole": [Function],
  "getAllByTestId": [Function],
  "getAllByText": [Function],
  "getAllByTitle": [Function],
  "getByAltText": [Function],
  "getByDisplayValue": [Function],
  "getByLabelText": [Function],
  "getByPlaceholderText": [Function],
  "getByRole": [Function],
  "getByTestId": [Function],
  "getByText": [Function],
  "getByTitle": [Function],
  "queryAllByAltText": [Function],
  "queryAllByDisplayValue": [Function],
  "queryAllByLabelText": [Function],
  "queryAllByPlaceholderText": [Function],
  "queryAllByRole": [Function],
  "queryAllByTestId": [Function],
  "queryAllByText": [Function],
  "queryAllByTitle": [Function],
  "queryByAltText": [Function],
  "queryByDisplayValue": [Function],
  "queryByLabelText": [Function],
  "queryByPlaceholderText": [Function],
  "queryByRole": [Function],
  "queryByTestId": [Function],
  "queryByText": [Function],
  "queryByTitle": [Function],
  "rerender": [Function],
  "unmount": [Function],
}
`;
