// Vitest Snapshot v1, https://vitest.dev/guide/snapshot.html

exports[`Project section rendering > Should match snapshot 1`] = `
{
  "asFragment": [Function],
  "baseElement": <body>
    <div>
      <div
        class="w-100"
      >
        <h2
          class="mb-5"
        >
          Projects
        </h2>
        <ul
          class="fa-ul mb-0"
        >
          <li>
            <i
              class="fa-li fa fa-tasks text-warning"
            />
            <p>
              <a
                aria-label="Project Test Title URL"
                class="text_primary! hover:text_darkBlue! focus:text_darkBlue! active:text_darkBlue!"
                href="http://test url"
                rel="noreferrer"
                target="_blank"
              >
                <strong>
                  Test Title:
                </strong>
              </a>
               Test Description
            </p>
          </li>
          <li>
            <i
              class="fa-li fa fa-tasks text-warning"
            />
            <p>
              <strong>
                Test Title 2:
              </strong>
               Test Description 2
            </p>
          </li>
        </ul>
      </div>
    </div>
  </body>,
  "container": <div>
    <div
      class="w-100"
    >
      <h2
        class="mb-5"
      >
        Projects
      </h2>
      <ul
        class="fa-ul mb-0"
      >
        <li>
          <i
            class="fa-li fa fa-tasks text-warning"
          />
          <p>
            <a
              aria-label="Project Test Title URL"
              class="text_primary! hover:text_darkBlue! focus:text_darkBlue! active:text_darkBlue!"
              href="http://test url"
              rel="noreferrer"
              target="_blank"
            >
              <strong>
                Test Title:
              </strong>
            </a>
             Test Description
          </p>
        </li>
        <li>
          <i
            class="fa-li fa fa-tasks text-warning"
          />
          <p>
            <strong>
              Test Title 2:
            </strong>
             Test Description 2
          </p>
        </li>
      </ul>
    </div>
  </div>,
  "debug": [Function],
  "findAllByAltText": [Function],
  "findAllByDisplayValue": [Function],
  "findAllByLabelText": [Function],
  "findAllByPlaceholderText": [Function],
  "findAllByRole": [Function],
  "findAllByTestId": [Function],
  "findAllByText": [Function],
  "findAllByTitle": [Function],
  "findByAltText": [Function],
  "findByDisplayValue": [Function],
  "findByLabelText": [Function],
  "findByPlaceholderText": [Function],
  "findByRole": [Function],
  "findByTestId": [Function],
  "findByText": [Function],
  "findByTitle": [Function],
  "getAllByAltText": [Function],
  "getAllByDisplayValue": [Function],
  "getAllByLabelText": [Function],
  "getAllByPlaceholderText": [Function],
  "getAllByRole": [Function],
  "getAllByTestId": [Function],
  "getAllByText": [Function],
  "getAllByTitle": [Function],
  "getByAltText": [Function],
  "getByDisplayValue": [Function],
  "getByLabelText": [Function],
  "getByPlaceholderText": [Function],
  "getByRole": [Function],
  "getByTestId": [Function],
  "getByText": [Function],
  "getByTitle": [Function],
  "queryAllByAltText": [Function],
  "queryAllByDisplayValue": [Function],
  "queryAllByLabelText": [Function],
  "queryAllByPlaceholderText": [Function],
  "queryAllByRole": [Function],
  "queryAllByTestId": [Function],
  "queryAllByText": [Function],
  "queryAllByTitle": [Function],
  "queryByAltText": [Function],
  "queryByDisplayValue": [Function],
  "queryByLabelText": [Function],
  "queryByPlaceholderText": [Function],
  "queryByRole": [Function],
  "queryByTestId": [Function],
  "queryByText": [Function],
  "queryByTitle": [Function],
  "rerender": [Function],
  "unmount": [Function],
}
`;
