// Vitest Snapshot v1, https://vitest.dev/guide/snapshot.html

exports[`Skill Section Component > Should render without crashing and match snapshot 1`] = `
{
  "asFragment": [Function],
  "baseElement": <body>
    <div>
      <section
        class="resume-section p-3 p-lg-5 d-flex align-items-center"
        id="skills"
      >
        <div
          class="w-100"
        >
          <h2
            class="mb-5"
          >
            Skills and Proficiency
          </h2>
          <div
            class="subheading mb-3"
          >
            test title
          </div>
          <ul>
            <li>
              test description
            </li>
          </ul>
          <ul
            class="list-inline dev-icons"
          >
            <li
              class="list-inline-item"
            >
              <i
                class="devicon-javascript-plain"
              />
            </li>
          </ul>
        </div>
      </section>
    </div>
  </body>,
  "container": <div>
    <section
      class="resume-section p-3 p-lg-5 d-flex align-items-center"
      id="skills"
    >
      <div
        class="w-100"
      >
        <h2
          class="mb-5"
        >
          Skills and Proficiency
        </h2>
        <div
          class="subheading mb-3"
        >
          test title
        </div>
        <ul>
          <li>
            test description
          </li>
        </ul>
        <ul
          class="list-inline dev-icons"
        >
          <li
            class="list-inline-item"
          >
            <i
              class="devicon-javascript-plain"
            />
          </li>
        </ul>
      </div>
    </section>
  </div>,
  "debug": [Function],
  "findAllByAltText": [Function],
  "findAllByDisplayValue": [Function],
  "findAllByLabelText": [Function],
  "findAllByPlaceholderText": [Function],
  "findAllByRole": [Function],
  "findAllByTestId": [Function],
  "findAllByText": [Function],
  "findAllByTitle": [Function],
  "findByAltText": [Function],
  "findByDisplayValue": [Function],
  "findByLabelText": [Function],
  "findByPlaceholderText": [Function],
  "findByRole": [Function],
  "findByTestId": [Function],
  "findByText": [Function],
  "findByTitle": [Function],
  "getAllByAltText": [Function],
  "getAllByDisplayValue": [Function],
  "getAllByLabelText": [Function],
  "getAllByPlaceholderText": [Function],
  "getAllByRole": [Function],
  "getAllByTestId": [Function],
  "getAllByText": [Function],
  "getAllByTitle": [Function],
  "getByAltText": [Function],
  "getByDisplayValue": [Function],
  "getByLabelText": [Function],
  "getByPlaceholderText": [Function],
  "getByRole": [Function],
  "getByTestId": [Function],
  "getByText": [Function],
  "getByTitle": [Function],
  "queryAllByAltText": [Function],
  "queryAllByDisplayValue": [Function],
  "queryAllByLabelText": [Function],
  "queryAllByPlaceholderText": [Function],
  "queryAllByRole": [Function],
  "queryAllByTestId": [Function],
  "queryAllByText": [Function],
  "queryAllByTitle": [Function],
  "queryByAltText": [Function],
  "queryByDisplayValue": [Function],
  "queryByLabelText": [Function],
  "queryByPlaceholderText": [Function],
  "queryByRole": [Function],
  "queryByTestId": [Function],
  "queryByText": [Function],
  "queryByTitle": [Function],
  "rerender": [Function],
  "unmount": [Function],
}
`;
